// Jest Snapshot v1, https://goo.gl/fbAQLP

exports[`custom class name should set the HTML class attribute on the block 1`] = `
"<!-- wp:paragraph {"className":"my-class-name another-class-name"} -->
<p class="my-class-name another-class-name"></p>
<!-- /wp:paragraph -->"
`;
